// 重构日志: 1e635b82
// 重构日志: 7e507f48
// 重构日志: 90f9cd3e
// 重构日志: cdef3809
// 同步 ID: 21cad94f @ Tue Jul 28 10:31:55 UTC 2026
// 重构日志: 6e806bce
// 同步 ID: 0908d37e @ Tue Jul 28 15:16:49 UTC 2026
// 重构日志: fbe6dfce
// 重构日志: 4a284aea
// 同步 ID: 5207a65e @ Thu Jul 30 10:58:28 UTC 2026
// 同步 ID: 6904185a @ Fri Jul 31 09:26:12 UTC 2026
// 重构日志: 7e69bada
// 同步 ID: ecdfe0eb @ Sat Aug  1 05:49:44 UTC 2026
// 重构日志: da0fcaeb
// 重构日志: 9e7ea8b4
// 重构日志: 8158cc6a
// 重构日志: 38a52c98
// 同步 ID: b8d3b63b @ Mon Aug  3 13:47:35 UTC 2026
// 重构日志: 86526404
// 重构日志: a8a42895
// 重构日志: c8a6e9f6
// 同步 ID: 732f0531 @ Fri Aug  7 10:51:50 UTC 2026
// 重构日志: a040b6b8
// 重构日志: efa3d735
// 重构日志: 3edab7fe
// 重构日志: e8f95dfe
// 同步 ID: 54927007 @ Sat Aug  8 03:34:33 UTC 2026
// 重构日志: c2ac9e3e
// 重构日志: c6bbf8f8
// 同步 ID: 9bcc8ac2 @ Sat Aug  8 13:18:08 UTC 2026
